$ ASTERISM_GUEST_AGENT_ARTIFACT=<static aarch64 linux asterism-guest> \
    AST_BIN=$CARGO_TARGET_DIR/debug/ast \
    bash scripts/e2e-credentials.sh

== credential parts e2e in $ASTERISM_HOME
ok: the provider catalog declares all three door rules
ok: ast login gh reused the host's own gh token and named the account
ok: ast credential ls names the kind, the provider and the door rule
ok: create the agent VM
ok: one --credential bound every authority the provider declares, under one handle
ok: boot the bound guest
waiting up to 300s for the base profile ...
ok: the guest is ready and reachable over authenticated guest control
ok: the guest holds sk-ast-gh-… — a handle in the provider's own shape
ok: every variable the provider declares carries the one handle
ok: the guest's unmodified curl reached api.github.com as medicalissue
ok: the door accepts the handle under both schemes GitHub's own tools send
ok: a handle this instance did not mint is refused at the door
ok: the real token is absent from the guest's writable tree and from pid 1's environment
ok: the real token is absent from ast logs and ast bugreport
ok: the real token is absent from every byte this lane wrote, disk images included
ok: the handle is not the token and carries none of it
ok: revoke the credential part
ok: every binding the credential made went at once
ok: the handle the guest still holds stops being honoured immediately (got 401)
ok: what was not proved is written down beside what was
CREDENTIALS E2E GREEN (gh login part, vz, vsock egress door, medicalissue)
